Archive member included to satisfy reference by file (symbol)

c:/st/stm32cubeide_1.7.0/stm32cubeide/plugins/com.st.stm32cube.ide.mcu.externaltools.gnu-tools-for-stm32.9-2020-q2-update.win32_2.0.0.202105311346/tools/bin/../lib/gcc/arm-none-eabi/9.3.1/../../../../arm-none-eabi/lib/thumb/v7e-m+fp/hard\libc_nano.a(lib_a-errno.o)
                              ./Core/Src/syscalls.o (__errno)
c:/st/stm32cubeide_1.7.0/stm32cubeide/plugins/com.st.stm32cube.ide.mcu.externaltools.gnu-tools-for-stm32.9-2020-q2-update.win32_2.0.0.202105311346/tools/bin/../lib/gcc/arm-none-eabi/9.3.1/../../../../arm-none-eabi/lib/thumb/v7e-m+fp/hard\libc_nano.a(lib_a-exit.o)
                              c:/st/stm32cubeide_1.7.0/stm32cubeide/plugins/com.st.stm32cube.ide.mcu.externaltools.gnu-tools-for-stm32.9-2020-q2-update.win32_2.0.0.202105311346/tools/bin/../lib/gcc/arm-none-eabi/9.3.1/../../../../arm-none-eabi/lib/thumb/v7e-m+fp/hard/crt0.o (exit)
c:/st/stm32cubeide_1.7.0/stm32cubeide/plugins/com.st.stm32cube.ide.mcu.externaltools.gnu-tools-for-stm32.9-2020-q2-update.win32_2.0.0.202105311346/tools/bin/../lib/gcc/arm-none-eabi/9.3.1/../../../../arm-none-eabi/lib/thumb/v7e-m+fp/hard\libc_nano.a(lib_a-impure.o)
                              c:/st/stm32cubeide_1.7.0/stm32cubeide/plugins/com.st.stm32cube.ide.mcu.externaltools.gnu-tools-for-stm32.9-2020-q2-update.win32_2.0.0.202105311346/tools/bin/../lib/gcc/arm-none-eabi/9.3.1/../../../../arm-none-eabi/lib/thumb/v7e-m+fp/hard\libc_nano.a(lib_a-exit.o) (_global_impure_ptr)
c:/st/stm32cubeide_1.7.0/stm32cubeide/plugins/com.st.stm32cube.ide.mcu.externaltools.gnu-tools-for-stm32.9-2020-q2-update.win32_2.0.0.202105311346/tools/bin/../lib/gcc/arm-none-eabi/9.3.1/../../../../arm-none-eabi/lib/thumb/v7e-m+fp/hard\libc_nano.a(lib_a-init.o)
                              c:/st/stm32cubeide_1.7.0/stm32cubeide/plugins/com.st.stm32cube.ide.mcu.externaltools.gnu-tools-for-stm32.9-2020-q2-update.win32_2.0.0.202105311346/tools/bin/../lib/gcc/arm-none-eabi/9.3.1/../../../../arm-none-eabi/lib/thumb/v7e-m+fp/hard/crt0.o (__libc_init_array)
c:/st/stm32cubeide_1.7.0/stm32cubeide/plugins/com.st.stm32cube.ide.mcu.externaltools.gnu-tools-for-stm32.9-2020-q2-update.win32_2.0.0.202105311346/tools/bin/../lib/gcc/arm-none-eabi/9.3.1/../../../../arm-none-eabi/lib/thumb/v7e-m+fp/hard\libc_nano.a(lib_a-memset.o)
                              c:/st/stm32cubeide_1.7.0/stm32cubeide/plugins/com.st.stm32cube.ide.mcu.externaltools.gnu-tools-for-stm32.9-2020-q2-update.win32_2.0.0.202105311346/tools/bin/../lib/gcc/arm-none-eabi/9.3.1/../../../../arm-none-eabi/lib/thumb/v7e-m+fp/hard/crt0.o (memset)

Discarded input sections

 .text          0x0000000000000000        0x0 c:/st/stm32cubeide_1.7.0/stm32cubeide/plugins/com.st.stm32cube.ide.mcu.externaltools.gnu-tools-for-stm32.9-2020-q2-update.win32_2.0.0.202105311346/tools/bin/../lib/gcc/arm-none-eabi/9.3.1/thumb/v7e-m+fp/hard/crti.o
 .data          0x0000000000000000        0x0 c:/st/stm32cubeide_1.7.0/stm32cubeide/plugins/com.st.stm32cube.ide.mcu.externaltools.gnu-tools-for-stm32.9-2020-q2-update.win32_2.0.0.202105311346/tools/bin/../lib/gcc/arm-none-eabi/9.3.1/thumb/v7e-m+fp/hard/crti.o
 .bss           0x0000000000000000        0x0 c:/st/stm32cubeide_1.7.0/stm32cubeide/plugins/com.st.stm32cube.ide.mcu.externaltools.gnu-tools-for-stm32.9-2020-q2-update.win32_2.0.0.202105311346/tools/bin/../lib/gcc/arm-none-eabi/9.3.1/thumb/v7e-m+fp/hard/crti.o
 .data          0x0000000000000000        0x4 c:/st/stm32cubeide_1.7.0/stm32cubeide/plugins/com.st.stm32cube.ide.mcu.externaltools.gnu-tools-for-stm32.9-2020-q2-update.win32_2.0.0.202105311346/tools/bin/../lib/gcc/arm-none-eabi/9.3.1/thumb/v7e-m+fp/hard/crtbegin.o
 .text          0x0000000000000000       0x7c c:/st/stm32cubeide_1.7.0/stm32cubeide/plugins/com.st.stm32cube.ide.mcu.externaltools.gnu-tools-for-stm32.9-2020-q2-update.win32_2.0.0.202105311346/tools/bin/../lib/gcc/arm-none-eabi/9.3.1/../../../../arm-none-eabi/lib/thumb/v7e-m+fp/hard/crt0.o
 .data          0x0000000000000000        0x0 c:/st/stm32cubeide_1.7.0/stm32cubeide/plugins/com.st.stm32cube.ide.mcu.externaltools.gnu-tools-for-stm32.9-2020-q2-update.win32_2.0.0.202105311346/tools/bin/../lib/gcc/arm-none-eabi/9.3.1/../../../../arm-none-eabi/lib/thumb/v7e-m+fp/hard/crt0.o
 .bss           0x0000000000000000        0x0 c:/st/stm32cubeide_1.7.0/stm32cubeide/plugins/com.st.stm32cube.ide.mcu.externaltools.gnu-tools-for-stm32.9-2020-q2-update.win32_2.0.0.202105311346/tools/bin/../lib/gcc/arm-none-eabi/9.3.1/../../../../arm-none-eabi/lib/thumb/v7e-m+fp/hard/crt0.o
 .ARM.extab     0x0000000000000000        0x0 c:/st/stm32cubeide_1.7.0/stm32cubeide/plugins/com.st.stm32cube.ide.mcu.externaltools.gnu-tools-for-stm32.9-2020-q2-update.win32_2.0.0.202105311346/tools/bin/../lib/gcc/arm-none-eabi/9.3.1/../../../../arm-none-eabi/lib/thumb/v7e-m+fp/hard/crt0.o
[...]
Memory Configuration

Name             Origin             Length             Attributes
RAM              0x0000000020000000 0x0000000000010000 xrw
FLASH            0x0000000008000000 0x0000000000040000 xr
*default*        0x0000000000000000 0xffffffffffffffff

Linker script and memory map

LOAD c:/st/stm32cubeide_1.7.0/stm32cubeide/plugins/com.st.stm32cube.ide.mcu.externaltools.gnu-tools-for-stm32.9-2020-q2-update.win32_2.0.0.202105311346/tools/bin/../lib/gcc/arm-none-eabi/9.3.1/thumb/v7e-m+fp/hard/crti.o
LOAD c:/st/stm32cubeide_1.7.0/stm32cubeide/plugins/com.st.stm32cube.ide.mcu.externaltools.gnu-tools-for-stm32.9-2020-q2-update.win32_2.0.0.202105311346/tools/bin/../lib/gcc/arm-none-eabi/9.3.1/thumb/v7e-m+fp/hard/crtbegin.o
LOAD c:/st/stm32cubeide_1.7.0/stm32cubeide/plugins/com.st.stm32cube.ide.mcu.externaltools.gnu-tools-for-stm32.9-2020-q2-update.win32_2.0.0.202105311346/tools/bin/../lib/gcc/arm-none-eabi/9.3.1/../../../../arm-none-eabi/lib/thumb/v7e-m+fp/hard/crt0.o
LOAD ./Core/Src/kuczak_wav.o
LOAD ./Core/Src/main.o
LOAD ./Core/Src/syscalls.o
LOAD ./Core/Src/sysmem.o
LOAD ./Core/Src/system_stm32f4xx.o
LOAD ./Core/Startup/startup_stm32f401ccux.o
LOAD ./Drivers/STM32F4xx_HAL_Driver/Src/stm32f4xx_ll_dma.o
LOAD ./Drivers/STM32F4xx_HAL_Driver/Src/stm32f4xx_ll_exti.o
LOAD ./Drivers/STM32F4xx_HAL_Driver/Src/stm32f4xx_ll_gpio.o
LOAD ./Drivers/STM32F4xx_HAL_Driver/Src/stm32f4xx_ll_rcc.o
LOAD ./Drivers/STM32F4xx_HAL_Driver/Src/stm32f4xx_ll_tim.o
LOAD ./Drivers/STM32F4xx_HAL_Driver/Src/stm32f4xx_ll_utils.o
START GROUP
LOAD c:/st/stm32cubeide_1.7.0/stm32cubeide/plugins/com.st.stm32cube.ide.mcu.externaltools.gnu-tools-for-stm32.9-2020-q2-update.win32_2.0.0.202105311346/tools/bin/../lib/gcc/arm-none-eabi/9.3.1/../../../../arm-none-eabi/lib/thumb/v7e-m+fp/hard\libc_nano.a
LOAD c:/st/stm32cubeide_1.7.0/stm32cubeide/plugins/com.st.stm32cube.ide.mcu.externaltools.gnu-tools-for-stm32.9-2020-q2-update.win32_2.0.0.202105311346/tools/bin/../lib/gcc/arm-none-eabi/9.3.1/../../../../arm-none-eabi/lib/thumb/v7e-m+fp/hard\libm.a
END GROUP
START GROUP
LOAD c:/st/stm32cubeide_1.7.0/stm32cubeide/plugins/com.st.stm32cube.ide.mcu.externaltools.gnu-tools-for-stm32.9-2020-q2-update.win32_2.0.0.202105311346/tools/bin/../lib/gcc/arm-none-eabi/9.3.1/thumb/v7e-m+fp/hard\libgcc.a
LOAD c:/st/stm32cubeide_1.7.0/stm32cubeide/plugins/com.st.stm32cube.ide.mcu.externaltools.gnu-tools-for-stm32.9-2020-q2-update.win32_2.0.0.202105311346/tools/bin/../lib/gcc/arm-none-eabi/9.3.1/../../../../arm-none-eabi/lib/thumb/v7e-m+fp/hard\libc_nano.a
END GROUP
START GROUP
LOAD c:/st/stm32cubeide_1.7.0/stm32cubeide/plugins/com.st.stm32cube.ide.mcu.externaltools.gnu-tools-for-stm32.9-2020-q2-update.win32_2.0.0.202105311346/tools/bin/../lib/gcc/arm-none-eabi/9.3.1/thumb/v7e-m+fp/hard\libgcc.a
LOAD c:/st/stm32cubeide_1.7.0/stm32cubeide/plugins/com.st.stm32cube.ide.mcu.externaltools.gnu-tools-for-stm32.9-2020-q2-update.win32_2.0.0.202105311346/tools/bin/../lib/gcc/arm-none-eabi/9.3.1/../../../../arm-none-eabi/lib/thumb/v7e-m+fp/hard\libc_nano.a
LOAD c:/st/stm32cubeide_1.7.0/stm32cubeide/plugins/com.st.stm32cube.ide.mcu.externaltools.gnu-tools-for-stm32.9-2020-q2-update.win32_2.0.0.202105311346/tools/bin/../lib/gcc/arm-none-eabi/9.3.1/../../../../arm-none-eabi/lib/thumb/v7e-m+fp/hard\libnosys.a
END GROUP
START GROUP
LOAD c:/st/stm32cubeide_1.7.0/stm32cubeide/plugins/com.st.stm32cube.ide.mcu.externaltools.gnu-tools-for-stm32.9-2020-q2-update.win32_2.0.0.202105311346/tools/bin/../lib/gcc/arm-none-eabi/9.3.1/thumb/v7e-m+fp/hard\libgcc.a
LOAD c:/st/stm32cubeide_1.7.0/stm32cubeide/plugins/com.st.stm32cube.ide.mcu.externaltools.gnu-tools-for-stm32.9-2020-q2-update.win32_2.0.0.202105311346/tools/bin/../lib/gcc/arm-none-eabi/9.3.1/../../../../arm-none-eabi/lib/thumb/v7e-m+fp/hard\libc_nano.a
LOAD c:/st/stm32cubeide_1.7.0/stm32cubeide/plugins/com.st.stm32cube.ide.mcu.externaltools.gnu-tools-for-stm32.9-2020-q2-update.win32_2.0.0.202105311346/tools/bin/../lib/gcc/arm-none-eabi/9.3.1/../../../../arm-none-eabi/lib/thumb/v7e-m+fp/hard\libnosys.a
END GROUP
LOAD c:/st/stm32cubeide_1.7.0/stm32cubeide/plugins/com.st.stm32cube.ide.mcu.externaltools.gnu-tools-for-stm32.9-2020-q2-update.win32_2.0.0.202105311346/tools/bin/../lib/gcc/arm-none-eabi/9.3.1/thumb/v7e-m+fp/hard/crtend.o
LOAD c:/st/stm32cubeide_1.7.0/stm32cubeide/plugins/com.st.stm32cube.ide.mcu.externaltools.gnu-tools-for-stm32.9-2020-q2-update.win32_2.0.0.202105311346/tools/bin/../lib/gcc/arm-none-eabi/9.3.1/thumb/v7e-m+fp/hard/crtn.o
                0x0000000020010000                _estack = (ORIGIN (RAM) + LENGTH (RAM))
                0x0000000000000200                _Min_Heap_Size = 0x200
                0x0000000000000400                _Min_Stack_Size = 0x400

.isr_vector     0x0000000008000000      0x194
                0x0000000008000000                . = ALIGN (0x4)
 *(.isr_vector)
 .isr_vector    0x0000000008000000      0x194 ./Core/Startup/startup_stm32f401ccux.o
                0x0000000008000000                g_pfnVectors
                0x0000000008000194                . = ALIGN (0x4)

.text           0x0000000008000194     0x14b0
                0x0000000008000194                . = ALIGN (0x4)
 *(.text)
 .text          0x0000000008000194       0x40 c:/st/stm32cubeide_1.7.0/stm32cubeide/plugins/com.st.stm32cube.ide.mcu.externaltools.gnu-tools-for-stm32.9-2020-q2-update.win32_2.0.0.202105311346/tools/bin/../lib/gcc/arm-none-eabi/9.3.1/thumb/v7e-m+fp/hard/crtbegin.o
 *(.text*)
 .text.__NVIC_SetPriorityGrouping
                0x00000000080001d4       0x48 ./Core/Src/main.o
 .text.__NVIC_GetPriorityGrouping
                0x000000000800021c       0x1c ./Core/Src/main.o
 .text.__NVIC_EnableIRQ
                0x0000000008000238       0x3c ./Core/Src/main.o
 .text.__NVIC_SetPriority
                0x0000000008000274       0x54 ./Core/Src/main.o
 .text.NVIC_EncodePriority
                0x00000000080002c8       0x66 ./Core/Src/main.o
 *fill*         0x000000000800032e        0x2 
 .text.LL_RCC_HSI_Enable
                0x0000000008000330       0x20 ./Core/Src/main.o
 .text.LL_RCC_HSI_IsReady
                0x0000000008000350       0x24 ./Core/Src/main.o
 .text.LL_RCC_HSI_SetCalibTrimming
                0x0000000008000374       0x2c ./Core/Src/main.o
 .text.LL_RCC_SetSysClkSource
                0x00000000080003a0       0x28 ./Core/Src/main.o
 .text.LL_RCC_GetSysClkSource
                0x00000000080003c8       0x1c ./Core/Src/main.o
 .text.LL_RCC_SetAHBPrescaler
                0x00000000080003e4       0x28 ./Core/Src/main.o
 .text.LL_RCC_SetAPB1Prescaler
                0x000000000800040c       0x28 ./Core/Src/main.o
 .text.LL_RCC_SetAPB2Prescaler
                0x0000000008000434       0x28 ./Core/Src/main.o
 .text.LL_RCC_SetTIMPrescaler
                0x000000000800045c       0x2c ./Core/Src/main.o
 .text.LL_RCC_PLL_Enable
                0x0000000008000488       0x20 ./Core/Src/main.o
 .text.LL_RCC_PLL_IsReady
                0x00000000080004a8       0x28 ./Core/Src/main.o
 .text.LL_RCC_PLL_ConfigDomain_SYS
                0x00000000080004d0       0x4c ./Core/Src/main.o
 .text.LL_AHB1_GRP1_EnableClock
                0x000000000800051c       0x30 ./Core/Src/main.o
 .text.LL_APB1_GRP1_EnableClock
                0x000000000800054c       0x30 ./Core/Src/main.o
 .text.LL_APB2_GRP1_EnableClock
                0x000000000800057c       0x30 ./Core/Src/main.o
 .text.LL_FLASH_SetLatency
                0x00000000080005ac       0x28 ./Core/Src/main.o
 .text.LL_FLASH_GetLatency
                0x00000000080005d4       0x1c ./Core/Src/main.o
 .text.LL_PWR_SetRegulVoltageScaling
                0x00000000080005f0       0x28 ./Core/Src/main.o
 .text.LL_TIM_EnableCounter
                0x0000000008000618       0x20 ./Core/Src/main.o
 .text.LL_TIM_SetCounterMode
                0x0000000008000638       0x26 ./Core/Src/main.o
 .text.LL_TIM_SetClockDivision
                0x000000000800065e       0x26 ./Core/Src/main.o
 .text.LL_TIM_SetPrescaler
                0x0000000008000684       0x1c ./Core/Src/main.o
 .text.LL_TIM_SetAutoReload
                0x00000000080006a0       0x1c ./Core/Src/main.o
 .text.LL_TIM_CC_EnableChannel
                0x00000000080006bc       0x22 ./Core/Src/main.o
 *fill*         0x00000000080006de        0x2 
 .text.LL_TIM_OC_SetMode
                0x00000000080006e0       0x9c ./Core/Src/main.o
 .text.LL_TIM_OC_SetCompareCH1
                0x000000000800077c       0x1c ./Core/Src/main.o
 .text.LL_TIM_OC_SetCompareCH2
                0x0000000008000798       0x1c ./Core/Src/main.o
 .text.LL_TIM_EnableAllOutputs
                0x00000000080007b4       0x20 ./Core/Src/main.o
 .text.LL_TIM_ClearFlag_UPDATE
                0x00000000080007d4       0x1c ./Core/Src/main.o
 .text.LL_TIM_IsActiveFlag_UPDATE
                0x00000000080007f0       0x26 ./Core/Src/main.o
 .text.LL_TIM_EnableIT_UPDATE
                0x0000000008000816       0x20 ./Core/Src/main.o
 .text.LL_TIM_GenerateEvent_UPDATE
                0x0000000008000836       0x20 ./Core/Src/main.o
 .text.LL_GPIO_IsInputPinSet
                0x0000000008000856       0x2a ./Core/Src/main.o
 .text.LL_GPIO_SetOutputPin
                0x0000000008000880       0x1c ./Core/Src/main.o
 .text.LL_GPIO_ResetOutputPin
                0x000000000800089c       0x1e ./Core/Src/main.o
 *fill*         0x00000000080008ba        0x2 
 .text.delay_ms
                0x00000000080008bc       0x30 ./Core/Src/main.o
                0x00000000080008bc                delay_ms
 .text.scierwo_set
                0x00000000080008ec       0x20 ./Core/Src/main.o
                0x00000000080008ec                scierwo_set
 .text.wibruj_kogucie
                0x000000000800090c       0x18 ./Core/Src/main.o
                0x000000000800090c                wibruj_kogucie
 .text.kogucie_wibracje_stop
                0x0000000008000924       0x14 ./Core/Src/main.o
                0x0000000008000924                kogucie_wibracje_stop
 .text.chujowe_oko_mam
                0x0000000008000938       0x18 ./Core/Src/main.o
                0x0000000008000938                chujowe_oko_mam
 .text.chujowe_oko_zamykam
                0x0000000008000950       0x18 ./Core/Src/main.o
                0x0000000008000950                chujowe_oko_zamykam
 .text.kurczak_piej
                0x0000000008000968       0x20 ./Core/Src/main.o
                0x0000000008000968                kurczak_piej
 .text.czy_ma_nakurwiac
                0x0000000008000988       0x24 ./Core/Src/main.o
                0x0000000008000988                czy_ma_nakurwiac
 .text.czy_kurczak_wkurwiony
                0x00000000080009ac       0x1c ./Core/Src/main.o
                0x00000000080009ac                czy_kurczak_wkurwiony
 .text.TIM1_TRG_COM_TIM11_IRQHandler
                0x00000000080009c8       0x3c ./Core/Src/main.o
                0x00000000080009c8                TIM1_TRG_COM_TIM11_IRQHandler
 .text.cisza_przed_wkurwem
                0x0000000008000a04       0x46 ./Core/Src/main.o
                0x0000000008000a04                cisza_przed_wkurwem
 *fill*         0x0000000008000a4a        0x2 
 .text.TIM1_UP_TIM10_IRQHandler
                0x0000000008000a4c       0xf0 ./Core/Src/main.o
                0x0000000008000a4c                TIM1_UP_TIM10_IRQHandler
 .text.main     0x0000000008000b3c      0x348 ./Core/Src/main.o
                0x0000000008000b3c                main
 .text.SystemClock_Config
                0x0000000008000e84       0x94 ./Core/Src/main.o
                0x0000000008000e84                SystemClock_Config
 .text.SystemInit
                0x0000000008000f18       0x24 ./Core/Src/system_stm32f4xx.o
                0x0000000008000f18                SystemInit
 .text.Reset_Handler
                0x0000000008000f3c       0x50 ./Core/Startup/startup_stm32f401ccux.o
                0x0000000008000f3c                Reset_Handler
 .text.Default_Handler
                0x0000000008000f8c        0x2 ./Core/Startup/startup_stm32f401ccux.o
                0x0000000008000f8c                RTC_Alarm_IRQHandler
                0x0000000008000f8c                EXTI2_IRQHandler
                0x0000000008000f8c                DebugMon_Handler
                0x0000000008000f8c                SPI4_IRQHandler
                0x0000000008000f8c                TIM1_CC_IRQHandler
                0x0000000008000f8c                DMA2_Stream5_IRQHandler
                0x0000000008000f8c                HardFault_Handler
                0x0000000008000f8c                DMA1_Stream5_IRQHandler
                0x0000000008000f8c                SysTick_Handler
                0x0000000008000f8c                PVD_IRQHandler
                0x0000000008000f8c                SDIO_IRQHandler
                0x0000000008000f8c                TAMP_STAMP_IRQHandler
                0x0000000008000f8c                PendSV_Handler
                0x0000000008000f8c                NMI_Handler
                0x0000000008000f8c                EXTI3_IRQHandler
                0x0000000008000f8c                I2C3_ER_IRQHandler
                0x0000000008000f8c                EXTI0_IRQHandler
                0x0000000008000f8c                I2C2_EV_IRQHandler
                0x0000000008000f8c                DMA1_Stream2_IRQHandler
                0x0000000008000f8c                FPU_IRQHandler
                0x0000000008000f8c                UsageFault_Handler
                0x0000000008000f8c                DMA2_Stream2_IRQHandler
                0x0000000008000f8c                SPI1_IRQHandler
                0x0000000008000f8c                TIM1_BRK_TIM9_IRQHandler
                0x0000000008000f8c                DMA2_Stream3_IRQHandler
                0x0000000008000f8c                USART6_IRQHandler
                0x0000000008000f8c                DMA2_Stream0_IRQHandler
                0x0000000008000f8c                TIM4_IRQHandler
                0x0000000008000f8c                I2C1_EV_IRQHandler
                0x0000000008000f8c                DMA1_Stream6_IRQHandler
                0x0000000008000f8c                DMA1_Stream1_IRQHandler
                0x0000000008000f8c                TIM3_IRQHandler
                0x0000000008000f8c                RCC_IRQHandler
                0x0000000008000f8c                Default_Handler
                0x0000000008000f8c                EXTI15_10_IRQHandler
                0x0000000008000f8c                ADC_IRQHandler
                0x0000000008000f8c                DMA1_Stream7_IRQHandler
                0x0000000008000f8c                TIM5_IRQHandler
                0x0000000008000f8c                DMA2_Stream7_IRQHandler
                0x0000000008000f8c                I2C3_EV_IRQHandler
                0x0000000008000f8c                EXTI9_5_IRQHandler
                0x0000000008000f8c                RTC_WKUP_IRQHandler
                0x0000000008000f8c                SPI2_IRQHandler
                0x0000000008000f8c                MemManage_Handler
                0x0000000008000f8c                DMA1_Stream0_IRQHandler
                0x0000000008000f8c                SVC_Handler
                0x0000000008000f8c                EXTI4_IRQHandler
                0x0000000008000f8c                WWDG_IRQHandler
                0x0000000008000f8c                TIM2_IRQHandler
                0x0000000008000f8c                OTG_FS_WKUP_IRQHandler
                0x0000000008000f8c                EXTI1_IRQHandler
                0x0000000008000f8c                USART2_IRQHandler
                0x0000000008000f8c                I2C2_ER_IRQHandler
                0x0000000008000f8c                DMA2_Stream1_IRQHandler
                0x0000000008000f8c                FLASH_IRQHandler
                0x0000000008000f8c                DMA2_Stream4_IRQHandler
                0x0000000008000f8c                BusFault_Handler
                0x0000000008000f8c                USART1_IRQHandler
                0x0000000008000f8c                OTG_FS_IRQHandler
                0x0000000008000f8c                SPI3_IRQHandler
                0x0000000008000f8c                DMA1_Stream4_IRQHandler
                0x0000000008000f8c                I2C1_ER_IRQHandler
                0x0000000008000f8c                DMA2_Stream6_IRQHandler
                0x0000000008000f8c                DMA1_Stream3_IRQHandler
 .text.LL_GPIO_SetPinMode
                0x0000000008000f8e       0x5e ./Drivers/STM32F4xx_HAL_Driver/Src/stm32f4xx_ll_gpio.o
 .text.LL_GPIO_SetPinOutputType
                0x0000000008000fec       0x30 ./Drivers/STM32F4xx_HAL_Driver/Src/stm32f4xx_ll_gpio.o
 .text.LL_GPIO_SetPinSpeed
                0x000000000800101c       0x5e ./Drivers/STM32F4xx_HAL_Driver/Src/stm32f4xx_ll_gpio.o
 .text.LL_GPIO_SetPinPull
                0x000000000800107a       0x5e ./Drivers/STM32F4xx_HAL_Driver/Src/stm32f4xx_ll_gpio.o
 .text.LL_GPIO_SetAFPin_0_7
                0x00000000080010d8       0x5e ./Drivers/STM32F4xx_HAL_Driver/Src/stm32f4xx_ll_gpio.o
 .text.LL_GPIO_SetAFPin_8_15
                0x0000000008001136       0x62 ./Drivers/STM32F4xx_HAL_Driver/Src/stm32f4xx_ll_gpio.o
 .text.LL_GPIO_Init
                0x0000000008001198       0xe6 ./Drivers/STM32F4xx_HAL_Driver/Src/stm32f4xx_ll_gpio.o
                0x0000000008001198                LL_GPIO_Init
 .text.LL_TIM_SetPrescaler
                0x000000000800127e       0x1c ./Drivers/STM32F4xx_HAL_Driver/Src/stm32f4xx_ll_tim.o
 .text.LL_TIM_SetAutoReload
                0x000000000800129a       0x1c ./Drivers/STM32F4xx_HAL_Driver/Src/stm32f4xx_ll_tim.o
 .text.LL_TIM_SetRepetitionCounter
                0x00000000080012b6       0x1c ./Drivers/STM32F4xx_HAL_Driver/Src/stm32f4xx_ll_tim.o
 .text.LL_TIM_GenerateEvent_UPDATE
                0x00000000080012d2       0x20 ./Drivers/STM32F4xx_HAL_Driver/Src/stm32f4xx_ll_tim.o
 *fill*         0x00000000080012f2        0x2 
 .text.LL_APB1_GRP1_ForceReset
                0x00000000080012f4       0x24 ./Drivers/STM32F4xx_HAL_Driver/Src/stm32f4xx_ll_tim.o
 .text.LL_APB1_GRP1_ReleaseReset
                0x0000000008001318       0x28 ./Drivers/STM32F4xx_HAL_Driver/Src/stm32f4xx_ll_tim.o
 .text.LL_APB2_GRP1_ForceReset
                0x0000000008001340       0x24 ./Drivers/STM32F4xx_HAL_Driver/Src/stm32f4xx_ll_tim.o
 .text.LL_APB2_GRP1_ReleaseReset
                0x0000000008001364       0x28 ./Drivers/STM32F4xx_HAL_Driver/Src/stm32f4xx_ll_tim.o
 .text.LL_TIM_DeInit
                0x000000000800138c       0xf4 ./Drivers/STM32F4xx_HAL_Driver/Src/stm32f4xx_ll_tim.o
                0x000000000800138c                LL_TIM_DeInit
 .text.LL_TIM_Init
                0x0000000008001480       0xf4 ./Drivers/STM32F4xx_HAL_Driver/Src/stm32f4xx_ll_tim.o
                0x0000000008001480                LL_TIM_Init
 .text.LL_InitTick
                0x0000000008001574       0x34 ./Drivers/STM32F4xx_HAL_Driver/Src/stm32f4xx_ll_utils.o
 .text.LL_Init1msTick
                0x00000000080015a8       0x1a ./Drivers/STM32F4xx_HAL_Driver/Src/stm32f4xx_ll_utils.o
                0x00000000080015a8                LL_Init1msTick
 *fill*         0x00000000080015c2        0x2 
 .text.LL_SetSystemCoreClock
                0x00000000080015c4       0x20 ./Drivers/STM32F4xx_HAL_Driver/Src/stm32f4xx_ll_utils.o
                0x00000000080015c4                LL_SetSystemCoreClock
 .text.__libc_init_array
                0x00000000080015e4       0x48 c:/st/stm32cubeide_1.7.0/stm32cubeide/plugins/com.st.stm32cube.ide.mcu.externaltools.gnu-tools-for-stm32.9-2020-q2-update.win32_2.0.0.202105311346/tools/bin/../lib/gcc/arm-none-eabi/9.3.1/../../../../arm-none-eabi/lib/thumb/v7e-m+fp/hard\libc_nano.a(lib_a-init.o)
                0x00000000080015e4                __libc_init_array
 *(.glue_7)
 .glue_7        0x000000000800162c        0x0 linker stubs
 *(.glue_7t)
 .glue_7t       0x000000000800162c        0x0 linker stubs
 *(.eh_frame)
 .eh_frame      0x000000000800162c        0x0 c:/st/stm32cubeide_1.7.0/stm32cubeide/plugins/com.st.stm32cube.ide.mcu.externaltools.gnu-tools-for-stm32.9-2020-q2-update.win32_2.0.0.202105311346/tools/bin/../lib/gcc/arm-none-eabi/9.3.1/thumb/v7e-m+fp/hard/crtbegin.o
 *(.init)
 .init          0x000000000800162c        0x4 c:/st/stm32cubeide_1.7.0/stm32cubeide/plugins/com.st.stm32cube.ide.mcu.externaltools.gnu-tools-for-stm32.9-2020-q2-update.win32_2.0.0.202105311346/tools/bin/../lib/gcc/arm-none-eabi/9.3.1/thumb/v7e-m+fp/hard/crti.o
                0x000000000800162c                _init
 .init          0x0000000008001630        0x8 c:/st/stm32cubeide_1.7.0/stm32cubeide/plugins/com.st.stm32cube.ide.mcu.externaltools.gnu-tools-for-stm32.9-2020-q2-update.win32_2.0.0.202105311346/tools/bin/../lib/gcc/arm-none-eabi/9.3.1/thumb/v7e-m+fp/hard/crtn.o
 *(.fini)
 .fini          0x0000000008001638        0x4 c:/st/stm32cubeide_1.7.0/stm32cubeide/plugins/com.st.stm32cube.ide.mcu.externaltools.gnu-tools-for-stm32.9-2020-q2-update.win32_2.0.0.202105311346/tools/bin/../lib/gcc/arm-none-eabi/9.3.1/thumb/v7e-m+fp/hard/crti.o
                0x0000000008001638                _fini
 .fini          0x000000000800163c        0x8 c:/st/stm32cubeide_1.7.0/stm32cubeide/plugins/com.st.stm32cube.ide.mcu.externaltools.gnu-tools-for-stm32.9-2020-q2-update.win32_2.0.0.202105311346/tools/bin/../lib/gcc/arm-none-eabi/9.3.1/thumb/v7e-m+fp/hard/crtn.o
                0x0000000008001644                . = ALIGN (0x4)
                0x0000000008001644                _etext = .

.vfp11_veneer   0x0000000008001644        0x0
 .vfp11_veneer  0x0000000008001644        0x0 linker stubs

.v4_bx          0x0000000008001644        0x0
 .v4_bx         0x0000000008001644        0x0 linker stubs

.iplt           0x0000000008001644        0x0
 .iplt          0x0000000008001644        0x0 c:/st/stm32cubeide_1.7.0/stm32cubeide/plugins/com.st.stm32cube.ide.mcu.externaltools.gnu-tools-for-stm32.9-2020-q2-update.win32_2.0.0.202105311346/tools/bin/../lib/gcc/arm-none-eabi/9.3.1/thumb/v7e-m+fp/hard/crtbegin.o

.rodata         0x0000000008001644    0x205c4
                0x0000000008001644                . = ALIGN (0x4)
 *(.rodata)
 *(.rodata*)
 .rodata.ryk_spokoj
                0x0000000008001644    0x1473e ./Core/Src/kuczak_wav.o
                0x0000000008001644                ryk_spokoj
 *fill*         0x0000000008015d82        0x2 
 .rodata.ryk_wkurw
                0x0000000008015d84     0xbe74 ./Core/Src/kuczak_wav.o
                0x0000000008015d84                ryk_wkurw
 .rodata.OFFSET_TAB_CCMRx
                0x0000000008021bf8        0x7 ./Core/Src/main.o
 *fill*         0x0000000008021bff        0x1 
 .rodata.SHIFT_TAB_OCxx
                0x0000000008021c00        0x7 ./Core/Src/main.o
                0x0000000008021c08                . = ALIGN (0x4)
 *fill*         0x0000000008021c07        0x1 

.rel.dyn        0x0000000008021c08        0x0
 .rel.iplt      0x0000000008021c08        0x0 c:/st/stm32cubeide_1.7.0/stm32cubeide/plugins/com.st.stm32cube.ide.mcu.externaltools.gnu-tools-for-stm32.9-2020-q2-update.win32_2.0.0.202105311346/tools/bin/../lib/gcc/arm-none-eabi/9.3.1/thumb/v7e-m+fp/hard/crtbegin.o

.ARM.extab      0x0000000008021c08        0x0
                0x0000000008021c08                . = ALIGN (0x4)
 *(.ARM.extab* .gnu.linkonce.armextab.*)
                0x0000000008021c08                . = ALIGN (0x4)

.ARM            0x0000000008021c08        0x0
                0x0000000008021c08                . = ALIGN (0x4)
                0x0000000008021c08                __exidx_start = .
 *(.ARM.exidx*)
                0x0000000008021c08                __exidx_end = .
                0x0000000008021c08                . = ALIGN (0x4)

.preinit_array  0x0000000008021c08        0x0
                0x0000000008021c08                . = ALIGN (0x4)
                0x0000000008021c08                PROVIDE (__preinit_array_start = .)
 *(.preinit_array*)
                0x0000000008021c08                PROVIDE (__preinit_array_end = .)
                0x0000000008021c08                . = ALIGN (0x4)

.init_array     0x0000000008021c08        0x4
                0x0000000008021c08                . = ALIGN (0x4)
                0x0000000008021c08                PROVIDE (__init_array_start = .)
 *(SORT_BY_NAME(.init_array.*))
 *(.init_array*)
 .init_array    0x0000000008021c08        0x4 c:/st/stm32cubeide_1.7.0/stm32cubeide/plugins/com.st.stm32cube.ide.mcu.externaltools.gnu-tools-for-stm32.9-2020-q2-update.win32_2.0.0.202105311346/tools/bin/../lib/gcc/arm-none-eabi/9.3.1/thumb/v7e-m+fp/hard/crtbegin.o
                0x0000000008021c0c                PROVIDE (__init_array_end = .)
                0x0000000008021c0c                . = ALIGN (0x4)

.fini_array     0x0000000008021c0c        0x4
                0x0000000008021c0c                . = ALIGN (0x4)
                [!provide]                        PROVIDE (__fini_array_start = .)
 *(SORT_BY_NAME(.fini_array.*))
 *(.fini_array*)
 .fini_array    0x0000000008021c0c        0x4 c:/st/stm32cubeide_1.7.0/stm32cubeide/plugins/com.st.stm32cube.ide.mcu.externaltools.gnu-tools-for-stm32.9-2020-q2-update.win32_2.0.0.202105311346/tools/bin/../lib/gcc/arm-none-eabi/9.3.1/thumb/v7e-m+fp/hard/crtbegin.o
                [!provide]                        PROVIDE (__fini_array_end = .)
                0x0000000008021c10                . = ALIGN (0x4)
                0x0000000008021c10                _sidata = LOADADDR (.data)

.data           0x0000000020000000        0x4 load address 0x0000000008021c10
                0x0000000020000000                . = ALIGN (0x4)
                0x0000000020000000                _sdata = .
 *(.data)
 *(.data*)
 .data.SystemCoreClock
                0x0000000020000000        0x4 ./Core/Src/system_stm32f4xx.o
                0x0000000020000000                SystemCoreClock
 *(.RamFunc)
 *(.RamFunc*)
                0x0000000020000004                . = ALIGN (0x4)
                0x0000000020000004                _edata = .

.igot.plt       0x0000000020000004        0x0 load address 0x0000000008021c14
 .igot.plt      0x0000000020000004        0x0 c:/st/stm32cubeide_1.7.0/stm32cubeide/plugins/com.st.stm32cube.ide.mcu.externaltools.gnu-tools-for-stm32.9-2020-q2-update.win32_2.0.0.202105311346/tools/bin/../lib/gcc/arm-none-eabi/9.3.1/thumb/v7e-m+fp/hard/crtbegin.o
                0x0000000020000004                . = ALIGN (0x4)

.bss            0x0000000020000004       0x2c load address 0x0000000008021c14
                0x0000000020000004                _sbss = .
                0x0000000020000004                __bss_start__ = _sbss
 *(.bss)
 .bss           0x0000000020000004       0x1c c:/st/stm32cubeide_1.7.0/stm32cubeide/plugins/com.st.stm32cube.ide.mcu.externaltools.gnu-tools-for-stm32.9-2020-q2-update.win32_2.0.0.202105311346/tools/bin/../lib/gcc/arm-none-eabi/9.3.1/thumb/v7e-m+fp/hard/crtbegin.o
 *(.bss*)
 .bss.delay_ms_value
                0x0000000020000020        0x2 ./Core/Src/main.o
                0x0000000020000020                delay_ms_value
 *fill*         0x0000000020000022        0x2 
 .bss.pianie_index_spokoj
                0x0000000020000024        0x4 ./Core/Src/main.o
                0x0000000020000024                pianie_index_spokoj
 .bss.pianie_index_wkurw
                0x0000000020000028        0x4 ./Core/Src/main.o
                0x0000000020000028                pianie_index_wkurw
 .bss.tik_oka   0x000000002000002c        0x1 ./Core/Src/main.o
                0x000000002000002c                tik_oka
 .bss.mrugaj_flaga
                0x000000002000002d        0x1 ./Core/Src/main.o
                0x000000002000002d                mrugaj_flaga
 *(COMMON)
                0x0000000020000030                . = ALIGN (0x4)
 *fill*         0x000000002000002e        0x2 
                0x0000000020000030                _ebss = .
                0x0000000020000030                __bss_end__ = _ebss

._user_heap_stack
                0x0000000020000030      0x600 load address 0x0000000008021c14
                0x0000000020000030                . = ALIGN (0x8)
                [!provide]                        PROVIDE (end = .)
                0x0000000020000030                PROVIDE (_end = .)
                0x0000000020000230                . = (. + _Min_Heap_Size)
 *fill*         0x0000000020000030      0x200 
                0x0000000020000630                . = (. + _Min_Stack_Size)
 *fill*         0x0000000020000230      0x400 
                0x0000000020000630                . = ALIGN (0x8)

/DISCARD/
 libc.a(*)
 libm.a(*)
 libgcc.a(*)

.ARM.attributes
                0x0000000000000000       0x30
 *(.ARM.attributes)
 .ARM.attributes
                0x0000000000000000       0x1e c:/st/stm32cubeide_1.7.0/stm32cubeide/plugins/com.st.stm32cube.ide.mcu.externaltools.gnu-tools-for-stm32.9-2020-q2-update.win32_2.0.0.202105311346/tools/bin/../lib/gcc/arm-none-eabi/9.3.1/thumb/v7e-m+fp/hard/crti.o
 .ARM.attributes
                0x000000000000001e       0x34 c:/st/stm32cubeide_1.7.0/stm32cubeide/plugins/com.st.stm32cube.ide.mcu.externaltools.gnu-tools-for-stm32.9-2020-q2-update.win32_2.0.0.202105311346/tools/bin/../lib/gcc/arm-none-eabi/9.3.1/thumb/v7e-m+fp/hard/crtbegin.o
 .ARM.attributes
                0x0000000000000052       0x39 ./Core/Src/kuczak_wav.o
 .ARM.attributes
                0x000000000000008b       0x34 ./Core/Src/main.o
 .ARM.attributes
                0x00000000000000bf       0x34 ./Core/Src/system_stm32f4xx.o
 .ARM.attributes
                0x00000000000000f3       0x21 ./Core/Startup/startup_stm32f401ccux.o
 .ARM.attributes
                0x0000000000000114       0x34 ./Drivers/STM32F4xx_HAL_Driver/Src/stm32f4xx_ll_gpio.o
 .ARM.attributes
                0x0000000000000148       0x34 ./Drivers/STM32F4xx_HAL_Driver/Src/stm32f4xx_ll_tim.o
 .ARM.attributes
                0x000000000000017c       0x34 ./Drivers/STM32F4xx_HAL_Driver/Src/stm32f4xx_ll_utils.o
 .ARM.attributes
                0x00000000000001b0       0x34 c:/st/stm32cubeide_1.7.0/stm32cubeide/plugins/com.st.stm32cube.ide.mcu.externaltools.gnu-tools-for-stm32.9-2020-q2-update.win32_2.0.0.202105311346/tools/bin/../lib/gcc/arm-none-eabi/9.3.1/../../../../arm-none-eabi/lib/thumb/v7e-m+fp/hard\libc_nano.a(lib_a-init.o)
 .ARM.attributes
                0x00000000000001e4       0x1e c:/st/stm32cubeide_1.7.0/stm32cubeide/plugins/com.st.stm32cube.ide.mcu.externaltools.gnu-tools-for-stm32.9-2020-q2-update.win32_2.0.0.202105311346/tools/bin/../lib/gcc/arm-none-eabi/9.3.1/thumb/v7e-m+fp/hard/crtn.o
OUTPUT(SIur.elf elf32-littlearm)
LOAD linker stubs
LOAD c:/st/stm32cubeide_1.7.0/stm32cubeide/plugins/com.st.stm32cube.ide.mcu.externaltools.gnu-tools-for-stm32.9-2020-q2-update.win32_2.0.0.202105311346/tools/bin/../lib/gcc/arm-none-eabi/9.3.1/../../../../arm-none-eabi/lib/thumb/v7e-m+fp/hard\libc.a
LOAD c:/st/stm32cubeide_1.7.0/stm32cubeide/plugins/com.st.stm32cube.ide.mcu.externaltools.gnu-tools-for-stm32.9-2020-q2-update.win32_2.0.0.202105311346/tools/bin/../lib/gcc/arm-none-eabi/9.3.1/../../../../arm-none-eabi/lib/thumb/v7e-m+fp/hard\libm.a
LOAD c:/st/stm32cubeide_1.7.0/stm32cubeide/plugins/com.st.stm32cube.ide.mcu.externaltools.gnu-tools-for-stm32.9-2020-q2-update.win32_2.0.0.202105311346/tools/bin/../lib/gcc/arm-none-eabi/9.3.1/thumb/v7e-m+fp/hard\libgcc.a

.debug_info     0x0000000000000000     0x3e60
 .debug_info    0x0000000000000000       0x97 ./Core/Src/kuczak_wav.o
 .debug_info    0x0000000000000097     0x156a ./Core/Src/main.o
 .debug_info    0x0000000000001601      0x572 ./Core/Src/system_stm32f4xx.o
 .debug_info    0x0000000000001b73       0x22 ./Core/Startup/startup_stm32f401ccux.o
 .debug_info    0x0000000000001b95      0x8ea ./Drivers/STM32F4xx_HAL_Driver/Src/stm32f4xx_ll_gpio.o
 .debug_info    0x000000000000247f     0x102c ./Drivers/STM32F4xx_HAL_Driver/Src/stm32f4xx_ll_tim.o
 .debug_info    0x00000000000034ab      0x9b5 ./Drivers/STM32F4xx_HAL_Driver/Src/stm32f4xx_ll_utils.o

.debug_abbrev   0x0000000000000000      0xb44
 .debug_abbrev  0x0000000000000000       0x6f ./Core/Src/kuczak_wav.o
 .debug_abbrev  0x000000000000006f      0x2f7 ./Core/Src/main.o
 .debug_abbrev  0x0000000000000366      0x129 ./Core/Src/system_stm32f4xx.o
 .debug_abbrev  0x000000000000048f       0x12 ./Core/Startup/startup_stm32f401ccux.o
 .debug_abbrev  0x00000000000004a1      0x23b ./Drivers/STM32F4xx_HAL_Driver/Src/stm32f4xx_ll_gpio.o
 .debug_abbrev  0x00000000000006dc      0x22b ./Drivers/STM32F4xx_HAL_Driver/Src/stm32f4xx_ll_tim.o
 .debug_abbrev  0x0000000000000907      0x23d ./Drivers/STM32F4xx_HAL_Driver/Src/stm32f4xx_ll_utils.o

.debug_aranges  0x0000000000000000      0x4c0
 .debug_aranges
                0x0000000000000000       0x18 ./Core/Src/kuczak_wav.o
 .debug_aranges
                0x0000000000000018      0x1c8 ./Core/Src/main.o
 .debug_aranges
                0x00000000000001e0       0x28 ./Core/Src/system_stm32f4xx.o
 .debug_aranges
                0x0000000000000208       0x28 ./Core/Startup/startup_stm32f401ccux.o
 .debug_aranges
                0x0000000000000230       0x70 ./Drivers/STM32F4xx_HAL_Driver/Src/stm32f4xx_ll_gpio.o
 .debug_aranges
                0x00000000000002a0      0x128 ./Drivers/STM32F4xx_HAL_Driver/Src/stm32f4xx_ll_tim.o
 .debug_aranges
                0x00000000000003c8       0xf8 ./Drivers/STM32F4xx_HAL_Driver/Src/stm32f4xx_ll_utils.o

.debug_macro    0x0000000000000000    0x10755
 .debug_macro   0x0000000000000000       0x1a ./Core/Src/kuczak_wav.o
 .debug_macro   0x000000000000001a      0xaea ./Core/Src/kuczak_wav.o
 .debug_macro   0x0000000000000b04       0x16 ./Core/Src/kuczak_wav.o
 .debug_macro   0x0000000000000b1a      0x146 ./Core/Src/main.o
 .debug_macro   0x0000000000000c60       0x2e ./Core/Src/main.o
 .debug_macro   0x0000000000000c8e       0x28 ./Core/Src/main.o
 .debug_macro   0x0000000000000cb6       0x22 ./Core/Src/main.o
 .debug_macro   0x0000000000000cd8       0x8e ./Core/Src/main.o
 .debug_macro   0x0000000000000d66       0x51 ./Core/Src/main.o
 .debug_macro   0x0000000000000db7      0x103 ./Core/Src/main.o
 .debug_macro   0x0000000000000eba       0x6a ./Core/Src/main.o
 .debug_macro   0x0000000000000f24      0x1df ./Core/Src/main.o
 .debug_macro   0x0000000000001103       0x1c ./Core/Src/main.o
 .debug_macro   0x000000000000111f       0x22 ./Core/Src/main.o
 .debug_macro   0x0000000000001141       0xdf ./Core/Src/main.o
 .debug_macro   0x0000000000001220     0x102d ./Core/Src/main.o
 .debug_macro   0x000000000000224d      0x11f ./Core/Src/main.o
 .debug_macro   0x000000000000236c     0xb86c ./Core/Src/main.o
 .debug_macro   0x000000000000dbd8       0x6d ./Core/Src/main.o
 .debug_macro   0x000000000000dc45      0x782 ./Core/Src/main.o
 .debug_macro   0x000000000000e3c7      0x116 ./Core/Src/main.o
 .debug_macro   0x000000000000e4dd      0x1ab ./Core/Src/main.o
 .debug_macro   0x000000000000e688       0xe8 ./Core/Src/main.o
 .debug_macro   0x000000000000e770      0x1a8 ./Core/Src/main.o
 .debug_macro   0x000000000000e918       0x61 ./Core/Src/main.o
 .debug_macro   0x000000000000e979       0xbd ./Core/Src/main.o
 .debug_macro   0x000000000000ea36      0x1e6 ./Core/Src/main.o
 .debug_macro   0x000000000000ec1c      0x5f3 ./Core/Src/main.o
 .debug_macro   0x000000000000f20f      0x149 ./Core/Src/main.o
 .debug_macro   0x000000000000f358       0x22 ./Core/Src/main.o
 .debug_macro   0x000000000000f37a       0xce ./Core/Src/system_stm32f4xx.o
 .debug_macro   0x000000000000f448      0x110 ./Drivers/STM32F4xx_HAL_Driver/Src/stm32f4xx_ll_gpio.o
 .debug_macro   0x000000000000f558      0x143 ./Drivers/STM32F4xx_HAL_Driver/Src/stm32f4xx_ll_gpio.o
 .debug_macro   0x000000000000f69b      0x159 ./Drivers/STM32F4xx_HAL_Driver/Src/stm32f4xx_ll_tim.o
 .debug_macro   0x000000000000f7f4      0x5ed ./Drivers/STM32F4xx_HAL_Driver/Src/stm32f4xx_ll_tim.o
 .debug_macro   0x000000000000fde1      0x191 ./Drivers/STM32F4xx_HAL_Driver/Src/stm32f4xx_ll_utils.o
 .debug_macro   0x000000000000ff72       0x5b ./Drivers/STM32F4xx_HAL_Driver/Src/stm32f4xx_ll_utils.o
 .debug_macro   0x000000000000ffcd      0x788 ./Drivers/STM32F4xx_HAL_Driver/Src/stm32f4xx_ll_utils.o

.debug_line     0x0000000000000000     0x2f11
 .debug_line    0x0000000000000000       0x56 ./Core/Src/kuczak_wav.o
 .debug_line    0x0000000000000056      0xdf7 ./Core/Src/main.o
 .debug_line    0x0000000000000e4d      0x4f2 ./Core/Src/system_stm32f4xx.o
 .debug_line    0x000000000000133f       0x88 ./Core/Startup/startup_stm32f401ccux.o
 .debug_line    0x00000000000013c7      0x751 ./Drivers/STM32F4xx_HAL_Driver/Src/stm32f4xx_ll_gpio.o
 .debug_line    0x0000000000001b18      0xa82 ./Drivers/STM32F4xx_HAL_Driver/Src/stm32f4xx_ll_tim.o
 .debug_line    0x000000000000259a      0x977 ./Drivers/STM32F4xx_HAL_Driver/Src/stm32f4xx_ll_utils.o

.debug_str      0x0000000000000000    0x5ebd7
 .debug_str     0x0000000000000000     0x2efc ./Core/Src/kuczak_wav.o
                                       0x2f17 (size before relaxing)
 .debug_str     0x0000000000002efc    0x58d31 ./Core/Src/main.o
                                      0x5be92 (size before relaxing)
 .debug_str     0x000000000005bc2d       0x5b ./Core/Src/system_stm32f4xx.o
                                      0x4f77f (size before relaxing)
 .debug_str     0x000000000005bc88       0x36 ./Core/Startup/startup_stm32f401ccux.o
                                         0x6c (size before relaxing)
 .debug_str     0x000000000005bcbe      0x6ba ./Drivers/STM32F4xx_HAL_Driver/Src/stm32f4xx_ll_gpio.o
                                      0x50c84 (size before relaxing)
 .debug_str     0x000000000005c378     0x12b2 ./Drivers/STM32F4xx_HAL_Driver/Src/stm32f4xx_ll_tim.o
                                      0x54380 (size before relaxing)
 .debug_str     0x000000000005d62a     0x15ad ./Drivers/STM32F4xx_HAL_Driver/Src/stm32f4xx_ll_utils.o
                                      0x5615f (size before relaxing)

.comment        0x0000000000000000       0x53
 .comment       0x0000000000000000       0x53 ./Core/Src/kuczak_wav.o
                                         0x54 (size before relaxing)
 .comment       0x0000000000000053       0x54 ./Core/Src/main.o
 .comment       0x0000000000000053       0x54 ./Core/Src/system_stm32f4xx.o
 .comment       0x0000000000000053       0x54 ./Drivers/STM32F4xx_HAL_Driver/Src/stm32f4xx_ll_gpio.o
 .comment       0x0000000000000053       0x54 ./Drivers/STM32F4xx_HAL_Driver/Src/stm32f4xx_ll_tim.o
 .comment       0x0000000000000053       0x54 ./Drivers/STM32F4xx_HAL_Driver/Src/stm32f4xx_ll_utils.o

.debug_ranges   0x0000000000000000      0x450
 .debug_ranges  0x0000000000000000      0x1b8 ./Core/Src/main.o
 .debug_ranges  0x00000000000001b8       0x18 ./Core/Src/system_stm32f4xx.o
 .debug_ranges  0x00000000000001d0       0x20 ./Core/Startup/startup_stm32f401ccux.o
 .debug_ranges  0x00000000000001f0       0x60 ./Drivers/STM32F4xx_HAL_Driver/Src/stm32f4xx_ll_gpio.o
 .debug_ranges  0x0000000000000250      0x118 ./Drivers/STM32F4xx_HAL_Driver/Src/stm32f4xx_ll_tim.o
 .debug_ranges  0x0000000000000368       0xe8 ./Drivers/STM32F4xx_HAL_Driver/Src/stm32f4xx_ll_utils.o

.debug_frame    0x0000000000000000     0x1334
 .debug_frame   0x0000000000000000      0x7c0 ./Core/Src/main.o
 .debug_frame   0x00000000000007c0       0x58 ./Core/Src/system_stm32f4xx.o
 .debug_frame   0x0000000000000818      0x1c0 ./Drivers/STM32F4xx_HAL_Driver/Src/stm32f4xx_ll_gpio.o
 .debug_frame   0x00000000000009d8      0x538 ./Drivers/STM32F4xx_HAL_Driver/Src/stm32f4xx_ll_tim.o
 .debug_frame   0x0000000000000f10      0x3f8 ./Drivers/STM32F4xx_HAL_Driver/Src/stm32f4xx_ll_utils.o
 .debug_frame   0x0000000000001308       0x2c c:/st/stm32cubeide_1.7.0/stm32cubeide/plugins/com.st.stm32cube.ide.mcu.externaltools.gnu-tools-for-stm32.9-2020-q2-update.win32_2.0.0.202105311346/tools/bin/../lib/gcc/arm-none-eabi/9.3.1/../../../../arm-none-eabi/lib/thumb/v7e-m+fp/hard\libc_nano.a(lib_a-init.o)
