core_cm4.h:1657:22:__NVIC_SetPriorityGrouping	24	static
core_cm4.h:1676:26:__NVIC_GetPriorityGrouping	4	static
core_cm4.h:1688:22:__NVIC_EnableIRQ	16	static
core_cm4.h:1816:22:__NVIC_SetPriority	16	static
core_cm4.h:1863:26:NVIC_EncodePriority	40	static
stm32f4xx_ll_rcc.h:2989:22:LL_RCC_HSI_Enable	4	static
stm32f4xx_ll_rcc.h:3009:26:LL_RCC_HSI_IsReady	4	static
stm32f4xx_ll_rcc.h:3035:22:LL_RCC_HSI_SetCalibTrimming	16	static
stm32f4xx_ll_rcc.h:3190:22:LL_RCC_SetSysClkSource	16	static
stm32f4xx_ll_rcc.h:3206:26:LL_RCC_GetSysClkSource	4	static
stm32f4xx_ll_rcc.h:3226:22:LL_RCC_SetAHBPrescaler	16	static
stm32f4xx_ll_rcc.h:3242:22:LL_RCC_SetAPB1Prescaler	16	static
stm32f4xx_ll_rcc.h:3258:22:LL_RCC_SetAPB2Prescaler	16	static
stm32f4xx_ll_rcc.h:4155:22:LL_RCC_SetTIMPrescaler	16	static
stm32f4xx_ll_rcc.h:4186:22:LL_RCC_PLL_Enable	4	static
stm32f4xx_ll_rcc.h:4207:26:LL_RCC_PLL_IsReady	4	static
stm32f4xx_ll_rcc.h:4306:22:LL_RCC_PLL_ConfigDomain_SYS	24	static
stm32f4xx_ll_bus.h:411:22:LL_AHB1_GRP1_EnableClock	24	static
stm32f4xx_ll_bus.h:1187:22:LL_APB1_GRP1_EnableClock	24	static
stm32f4xx_ll_bus.h:1706:22:LL_APB2_GRP1_EnableClock	24	static
stm32f4xx_ll_system.h:1542:22:LL_FLASH_SetLatency	16	static
stm32f4xx_ll_system.h:1568:26:LL_FLASH_GetLatency	4	static
stm32f4xx_ll_pwr.h:507:22:LL_PWR_SetRegulVoltageScaling	16	static
stm32f4xx_ll_tim.h:1125:22:LL_TIM_EnableCounter	16	static
stm32f4xx_ll_tim.h:1265:22:LL_TIM_SetCounterMode	16	static
stm32f4xx_ll_tim.h:1346:22:LL_TIM_SetClockDivision	16	static
stm32f4xx_ll_tim.h:1420:22:LL_TIM_SetPrescaler	16	static
stm32f4xx_ll_tim.h:1447:22:LL_TIM_SetAutoReload	16	static
stm32f4xx_ll_tim.h:1610:22:LL_TIM_CC_EnableChannel	16	static
stm32f4xx_ll_tim.h:1732:22:LL_TIM_OC_SetMode	32	static
stm32f4xx_ll_tim.h:2118:22:LL_TIM_OC_SetCompareCH1	16	static
stm32f4xx_ll_tim.h:2135:22:LL_TIM_OC_SetCompareCH2	16	static
stm32f4xx_ll_tim.h:2993:22:LL_TIM_EnableAllOutputs	16	static
stm32f4xx_ll_tim.h:3183:22:LL_TIM_ClearFlag_UPDATE	16	static
stm32f4xx_ll_tim.h:3194:26:LL_TIM_IsActiveFlag_UPDATE	16	static
stm32f4xx_ll_tim.h:3458:22:LL_TIM_EnableIT_UPDATE	16	static
stm32f4xx_ll_tim.h:3967:22:LL_TIM_GenerateEvent_UPDATE	16	static
stm32f4xx_ll_gpio.h:801:26:LL_GPIO_IsInputPinSet	16	static
stm32f4xx_ll_gpio.h:882:22:LL_GPIO_SetOutputPin	16	static
stm32f4xx_ll_gpio.h:911:22:LL_GPIO_ResetOutputPin	16	static
main.c:59:6:delay_ms	16	static
main.c:65:6:scierwo_set	16	static
main.c:70:6:wibruj_kogucie	8	static
main.c:74:6:kogucie_wibracje_stop	8	static
main.c:79:6:chujowe_oko_mam	8	static
main.c:84:6:chujowe_oko_zamykam	8	static
main.c:89:6:kurczak_piej	16	static
main.c:94:9:czy_ma_nakurwiac	8	static
main.c:99:9:czy_kurczak_wkurwiony	8	static
main.c:105:6:TIM1_TRG_COM_TIM11_IRQHandler	8	static
main.c:116:6:cisza_przed_wkurwem	8	static
main.c:133:6:TIM1_UP_TIM10_IRQHandler	8	static
main.c:179:5:main	56	static
main.c:382:6:SystemClock_Config	8	static
